2026-06-05 21:42:41,767 [INFO] ==================================================
2026-06-05 21:42:41,767 [INFO] EA EXECUTOR STARTED | PAPER TRADING
2026-06-05 21:42:41,767 [INFO] Signal file: /home/openclaw/projects/1ai-trade-bot/data/vilona_tradefx/ea_signal.json
2026-06-05 21:42:41,767 [INFO] ==================================================
2026-06-05 21:42:41,767 [INFO] State: 0 open, 0 processed, PnL=$0.00
2026-06-05 21:43:07,739 [INFO] 📝 PAPER: BUY XAUUSD @ $2649.50 | SL=$2644.00 TP=$2658.00 | conf=72% | manual_test
2026-06-05 21:43:07,739 [INFO] ✅ POSITION OPEN: BUY @ $2649.50
2026-06-05 21:43:07,739 [INFO] 💼 BUY @ $2649.50 | Current=$4351.0 | Est.PnL=$1701.50 | SL=$2644.00 TP=$2658.00
2026-06-05 21:43:11,365 [INFO] 🟢 CLOSED: BUY | TP | PnL=$1701.50 | Entry=$2649.50 → Close=$4351.00
2026-06-05 21:52:47,105 [INFO] 📝 PAPER: SELL XAUUSD @ $4375.00 | SL=$4385.00 TP=$4355.00 | conf=78% | mechanical_override
2026-06-05 21:52:47,105 [INFO] ✅ POSITION OPEN: SELL @ $4375.00
2026-06-05 21:52:47,105 [INFO] 💼 SELL @ $4375.00 | Current=$4367.2 | Est.PnL=$7.80 | SL=$4385.00 TP=$4355.00
2026-06-05 21:52:50,742 [INFO] 💼 SELL @ $4375.00 | Current=$4367.2 | Est.PnL=$7.80 | SL=$4385.00 TP=$4355.00
2026-06-05 21:52:54,341 [INFO] 💼 SELL @ $4375.00 | Current=$4367.2 | Est.PnL=$7.80 | SL=$4385.00 TP=$4355.00
2026-06-05 21:52:57,968 [INFO] 💼 SELL @ $4375.00 | Current=$4367.2 | Est.PnL=$7.80 | SL=$4385.00 TP=$4355.00
2026-06-05 21:53:01,577 [INFO] 💼 SELL @ $4375.00 | Current=$4367.2 | Est.PnL=$7.80 | SL=$4385.00 TP=$4355.00
2026-06-05 21:53:05,214 [INFO] 💼 SELL @ $4375.00 | Current=$4367.2 | Est.PnL=$7.80 | SL=$4385.00 TP=$4355.00
2026-06-05 21:53:08,856 [INFO] 💼 SELL @ $4375.00 | Current=$4367.2 | Est.PnL=$7.80 | SL=$4385.00 TP=$4355.00
2026-06-05 21:53:12,467 [INFO] 💼 SELL @ $4375.00 | Current=$4367.2 | Est.PnL=$7.80 | SL=$4385.00 TP=$4355.00
2026-06-05 21:53:16,094 [INFO] 💼 SELL @ $4375.00 | Current=$4367.2 | Est.PnL=$7.80 | SL=$4385.00 TP=$4355.00
2026-06-05 21:53:19,720 [INFO] 💼 SELL @ $4375.00 | Current=$4367.2 | Est.PnL=$7.80 | SL=$4385.00 TP=$4355.00
2026-06-05 21:53:23,335 [INFO] 💼 SELL @ $4375.00 | Current=$4367.2 | Est.PnL=$7.80 | SL=$4385.00 TP=$4355.00
2026-06-05 21:53:26,975 [INFO] 💼 SELL @ $4375.00 | Current=$4362.2 | Est.PnL=$12.80 | SL=$4385.00 TP=$4355.00
2026-06-05 21:53:30,587 [INFO] 💼 SELL @ $4375.00 | Current=$4362.2 | Est.PnL=$12.80 | SL=$4385.00 TP=$4355.00
2026-06-05 21:53:34,198 [INFO] 💼 SELL @ $4375.00 | Current=$4362.2 | Est.PnL=$12.80 | SL=$4385.00 TP=$4355.00
2026-06-05 21:53:37,815 [INFO] 💼 SELL @ $4375.00 | Current=$4362.2 | Est.PnL=$12.80 | SL=$4385.00 TP=$4355.00
2026-06-05 21:53:41,416 [INFO] 💼 SELL @ $4375.00 | Current=$4362.2 | Est.PnL=$12.80 | SL=$4385.00 TP=$4355.00
2026-06-05 21:53:45,059 [INFO] 💼 SELL @ $4375.00 | Current=$4362.2 | Est.PnL=$12.80 | SL=$4385.00 TP=$4355.00
2026-06-05 21:53:48,848 [INFO] 💼 SELL @ $4375.00 | Current=$4362.2 | Est.PnL=$12.80 | SL=$4385.00 TP=$4355.00
2026-06-05 21:53:52,455 [INFO] 💼 SELL @ $4375.00 | Current=$4362.2 | Est.PnL=$12.80 | SL=$4385.00 TP=$4355.00
2026-06-05 21:53:56,122 [INFO] 💼 SELL @ $4375.00 | Current=$4362.2 | Est.PnL=$12.80 | SL=$4385.00 TP=$4355.00
2026-06-05 21:53:59,739 [INFO] 💼 SELL @ $4375.00 | Current=$4362.2 | Est.PnL=$12.80 | SL=$4385.00 TP=$4355.00
2026-06-05 21:54:03,348 [INFO] 💼 SELL @ $4375.00 | Current=$4362.2 | Est.PnL=$12.80 | SL=$4385.00 TP=$4355.00
2026-06-05 21:54:06,956 [INFO] 💼 SELL @ $4375.00 | Current=$4362.2 | Est.PnL=$12.80 | SL=$4385.00 TP=$4355.00
2026-06-05 21:54:10,582 [INFO] 💼 SELL @ $4375.00 | Current=$4362.2 | Est.PnL=$12.80 | SL=$4385.00 TP=$4355.00
2026-06-05 21:54:14,221 [INFO] 💼 SELL @ $4375.00 | Current=$4362.2 | Est.PnL=$12.80 | SL=$4385.00 TP=$4355.00
2026-06-05 21:54:17,832 [INFO] 💼 SELL @ $4375.00 | Current=$4362.2 | Est.PnL=$12.80 | SL=$4385.00 TP=$4355.00
2026-06-05 21:54:21,442 [INFO] 💼 SELL @ $4375.00 | Current=$4362.2 | Est.PnL=$12.80 | SL=$4385.00 TP=$4355.00
2026-06-05 21:54:25,099 [INFO] 💼 SELL @ $4375.00 | Current=$4364.4 | Est.PnL=$10.60 | SL=$4385.00 TP=$4355.00
2026-06-05 21:54:28,730 [INFO] 💼 SELL @ $4375.00 | Current=$4364.4 | Est.PnL=$10.60 | SL=$4385.00 TP=$4355.00
2026-06-05 21:54:32,344 [INFO] 💼 SELL @ $4375.00 | Current=$4364.4 | Est.PnL=$10.60 | SL=$4385.00 TP=$4355.00
2026-06-05 21:54:35,981 [INFO] 💼 SELL @ $4375.00 | Current=$4364.4 | Est.PnL=$10.60 | SL=$4385.00 TP=$4355.00
2026-06-05 21:54:39,635 [INFO] 💼 SELL @ $4375.00 | Current=$4364.4 | Est.PnL=$10.60 | SL=$4385.00 TP=$4355.00
2026-06-05 21:54:43,249 [INFO] 💼 SELL @ $4375.00 | Current=$4364.4 | Est.PnL=$10.60 | SL=$4385.00 TP=$4355.00
2026-06-05 21:54:46,859 [INFO] 💼 SELL @ $4375.00 | Current=$4364.4 | Est.PnL=$10.60 | SL=$4385.00 TP=$4355.00
2026-06-05 21:54:50,459 [INFO] 💼 SELL @ $4375.00 | Current=$4364.4 | Est.PnL=$10.60 | SL=$4385.00 TP=$4355.00
2026-06-05 21:54:54,091 [INFO] 💼 SELL @ $4375.00 | Current=$4364.4 | Est.PnL=$10.60 | SL=$4385.00 TP=$4355.00
2026-06-05 21:54:57,872 [INFO] 💼 SELL @ $4375.00 | Current=$4364.4 | Est.PnL=$10.60 | SL=$4385.00 TP=$4355.00
2026-06-05 21:55:01,502 [INFO] 💼 SELL @ $4375.00 | Current=$4364.4 | Est.PnL=$10.60 | SL=$4385.00 TP=$4355.00
2026-06-05 21:55:05,143 [INFO] 💼 SELL @ $4375.00 | Current=$4364.4 | Est.PnL=$10.60 | SL=$4385.00 TP=$4355.00
2026-06-05 21:55:08,766 [INFO] 💼 SELL @ $4375.00 | Current=$4364.4 | Est.PnL=$10.60 | SL=$4385.00 TP=$4355.00
2026-06-05 21:55:12,382 [INFO] 💼 SELL @ $4375.00 | Current=$4364.4 | Est.PnL=$10.60 | SL=$4385.00 TP=$4355.00
2026-06-05 21:55:15,992 [INFO] 💼 SELL @ $4375.00 | Current=$4364.4 | Est.PnL=$10.60 | SL=$4385.00 TP=$4355.00
2026-06-05 21:55:19,608 [INFO] 💼 SELL @ $4375.00 | Current=$4364.4 | Est.PnL=$10.60 | SL=$4385.00 TP=$4355.00
2026-06-05 21:55:23,223 [INFO] 💼 SELL @ $4375.00 | Current=$4364.4 | Est.PnL=$10.60 | SL=$4385.00 TP=$4355.00
2026-06-05 21:55:26,860 [INFO] 💼 SELL @ $4375.00 | Current=$4363.9 | Est.PnL=$11.10 | SL=$4385.00 TP=$4355.00
2026-06-05 21:55:30,479 [INFO] 💼 SELL @ $4375.00 | Current=$4363.9 | Est.PnL=$11.10 | SL=$4385.00 TP=$4355.00
2026-06-05 21:55:34,095 [INFO] 💼 SELL @ $4375.00 | Current=$4363.9 | Est.PnL=$11.10 | SL=$4385.00 TP=$4355.00
2026-06-05 21:55:37,711 [INFO] 💼 SELL @ $4375.00 | Current=$4363.9 | Est.PnL=$11.10 | SL=$4385.00 TP=$4355.00
2026-06-05 21:55:41,353 [INFO] 💼 SELL @ $4375.00 | Current=$4363.9 | Est.PnL=$11.10 | SL=$4385.00 TP=$4355.00
2026-06-05 21:55:44,952 [INFO] 💼 SELL @ $4375.00 | Current=$4363.9 | Est.PnL=$11.10 | SL=$4385.00 TP=$4355.00
2026-06-05 21:55:48,603 [INFO] 💼 SELL @ $4375.00 | Current=$4363.9 | Est.PnL=$11.10 | SL=$4385.00 TP=$4355.00
2026-06-05 21:55:52,245 [INFO] 💼 SELL @ $4375.00 | Current=$4363.9 | Est.PnL=$11.10 | SL=$4385.00 TP=$4355.00
2026-06-05 21:55:55,840 [INFO] 💼 SELL @ $4375.00 | Current=$4363.9 | Est.PnL=$11.10 | SL=$4385.00 TP=$4355.00
2026-06-05 21:55:59,652 [INFO] 💼 SELL @ $4375.00 | Current=$4363.9 | Est.PnL=$11.10 | SL=$4385.00 TP=$4355.00
2026-06-05 21:56:03,285 [INFO] 💼 SELL @ $4375.00 | Current=$4363.9 | Est.PnL=$11.10 | SL=$4385.00 TP=$4355.00
2026-06-05 21:56:07,089 [INFO] 💼 SELL @ $4375.00 | Current=$4363.9 | Est.PnL=$11.10 | SL=$4385.00 TP=$4355.00
2026-06-05 21:56:10,705 [INFO] 💼 SELL @ $4375.00 | Current=$4363.9 | Est.PnL=$11.10 | SL=$4385.00 TP=$4355.00
2026-06-05 21:56:14,355 [INFO] 💼 SELL @ $4375.00 | Current=$4363.9 | Est.PnL=$11.10 | SL=$4385.00 TP=$4355.00
2026-06-05 21:56:18,001 [INFO] 💼 SELL @ $4375.00 | Current=$4363.9 | Est.PnL=$11.10 | SL=$4385.00 TP=$4355.00
2026-06-05 21:56:21,624 [INFO] 💼 SELL @ $4375.00 | Current=$4363.9 | Est.PnL=$11.10 | SL=$4385.00 TP=$4355.00
2026-06-05 21:56:25,256 [INFO] 💼 SELL @ $4375.00 | Current=$4365.5 | Est.PnL=$9.50 | SL=$4385.00 TP=$4355.00
2026-06-05 21:56:28,899 [INFO] 💼 SELL @ $4375.00 | Current=$4365.5 | Est.PnL=$9.50 | SL=$4385.00 TP=$4355.00
2026-06-05 21:56:32,543 [INFO] 💼 SELL @ $4375.00 | Current=$4365.5 | Est.PnL=$9.50 | SL=$4385.00 TP=$4355.00
2026-06-05 21:56:36,154 [INFO] 💼 SELL @ $4375.00 | Current=$4365.5 | Est.PnL=$9.50 | SL=$4385.00 TP=$4355.00
2026-06-05 21:56:39,792 [INFO] 💼 SELL @ $4375.00 | Current=$4365.5 | Est.PnL=$9.50 | SL=$4385.00 TP=$4355.00
2026-06-05 21:56:43,407 [INFO] 💼 SELL @ $4375.00 | Current=$4365.5 | Est.PnL=$9.50 | SL=$4385.00 TP=$4355.00
2026-06-05 21:56:47,032 [INFO] 💼 SELL @ $4375.00 | Current=$4365.5 | Est.PnL=$9.50 | SL=$4385.00 TP=$4355.00
2026-06-05 21:56:50,660 [INFO] 💼 SELL @ $4375.00 | Current=$4365.5 | Est.PnL=$9.50 | SL=$4385.00 TP=$4355.00
2026-06-05 21:56:54,295 [INFO] 💼 SELL @ $4375.00 | Current=$4365.5 | Est.PnL=$9.50 | SL=$4385.00 TP=$4355.00
2026-06-05 21:56:57,918 [INFO] 💼 SELL @ $4375.00 | Current=$4365.5 | Est.PnL=$9.50 | SL=$4385.00 TP=$4355.00
2026-06-05 21:57:01,549 [INFO] 💼 SELL @ $4375.00 | Current=$4365.5 | Est.PnL=$9.50 | SL=$4385.00 TP=$4355.00
2026-06-05 21:57:05,166 [INFO] 💼 SELL @ $4375.00 | Current=$4365.5 | Est.PnL=$9.50 | SL=$4385.00 TP=$4355.00
2026-06-05 21:57:08,787 [INFO] 💼 SELL @ $4375.00 | Current=$4365.5 | Est.PnL=$9.50 | SL=$4385.00 TP=$4355.00
2026-06-05 21:57:12,412 [INFO] 💼 SELL @ $4375.00 | Current=$4365.5 | Est.PnL=$9.50 | SL=$4385.00 TP=$4355.00
2026-06-05 21:57:16,038 [INFO] 💼 SELL @ $4375.00 | Current=$4365.5 | Est.PnL=$9.50 | SL=$4385.00 TP=$4355.00
2026-06-05 21:57:19,641 [INFO] 💼 SELL @ $4375.00 | Current=$4365.5 | Est.PnL=$9.50 | SL=$4385.00 TP=$4355.00
2026-06-05 21:57:23,293 [INFO] 💼 SELL @ $4375.00 | Current=$4365.5 | Est.PnL=$9.50 | SL=$4385.00 TP=$4355.00
2026-06-05 21:57:26,890 [INFO] 💼 SELL @ $4375.00 | Current=$4366.9 | Est.PnL=$8.10 | SL=$4385.00 TP=$4355.00
2026-06-05 21:57:30,508 [INFO] 💼 SELL @ $4375.00 | Current=$4366.9 | Est.PnL=$8.10 | SL=$4385.00 TP=$4355.00
2026-06-05 21:57:34,119 [INFO] 💼 SELL @ $4375.00 | Current=$4366.9 | Est.PnL=$8.10 | SL=$4385.00 TP=$4355.00
2026-06-05 21:57:37,758 [INFO] 💼 SELL @ $4375.00 | Current=$4366.9 | Est.PnL=$8.10 | SL=$4385.00 TP=$4355.00
2026-06-05 21:57:41,383 [INFO] 💼 SELL @ $4375.00 | Current=$4366.9 | Est.PnL=$8.10 | SL=$4385.00 TP=$4355.00
2026-06-05 21:57:45,040 [INFO] 💼 SELL @ $4375.00 | Current=$4366.9 | Est.PnL=$8.10 | SL=$4385.00 TP=$4355.00
2026-06-05 21:57:48,641 [INFO] 💼 SELL @ $4375.00 | Current=$4366.9 | Est.PnL=$8.10 | SL=$4385.00 TP=$4355.00
2026-06-05 21:57:52,256 [INFO] 💼 SELL @ $4375.00 | Current=$4366.9 | Est.PnL=$8.10 | SL=$4385.00 TP=$4355.00
2026-06-05 21:57:55,868 [INFO] 💼 SELL @ $4375.00 | Current=$4366.9 | Est.PnL=$8.10 | SL=$4385.00 TP=$4355.00
2026-06-05 21:57:59,481 [INFO] 💼 SELL @ $4375.00 | Current=$4366.9 | Est.PnL=$8.10 | SL=$4385.00 TP=$4355.00
2026-06-05 21:58:03,059 [INFO] 💼 SELL @ $4375.00 | Current=$4366.9 | Est.PnL=$8.10 | SL=$4385.00 TP=$4355.00
2026-06-05 21:58:06,683 [INFO] 💼 SELL @ $4375.00 | Current=$4366.9 | Est.PnL=$8.10 | SL=$4385.00 TP=$4355.00
2026-06-05 21:58:10,470 [INFO] 💼 SELL @ $4375.00 | Current=$4366.9 | Est.PnL=$8.10 | SL=$4385.00 TP=$4355.00
2026-06-05 21:58:14,098 [INFO] 💼 SELL @ $4375.00 | Current=$4366.9 | Est.PnL=$8.10 | SL=$4385.00 TP=$4355.00
2026-06-05 21:58:17,725 [INFO] 💼 SELL @ $4375.00 | Current=$4366.9 | Est.PnL=$8.10 | SL=$4385.00 TP=$4355.00
2026-06-05 21:58:21,351 [INFO] 💼 SELL @ $4375.00 | Current=$4366.9 | Est.PnL=$8.10 | SL=$4385.00 TP=$4355.00
2026-06-05 21:58:24,966 [INFO] 💼 SELL @ $4375.00 | Current=$4370.3 | Est.PnL=$4.70 | SL=$4385.00 TP=$4355.00
2026-06-05 21:58:28,633 [INFO] 💼 SELL @ $4375.00 | Current=$4370.3 | Est.PnL=$4.70 | SL=$4385.00 TP=$4355.00
2026-06-05 21:58:32,244 [INFO] 💼 SELL @ $4375.00 | Current=$4370.3 | Est.PnL=$4.70 | SL=$4385.00 TP=$4355.00
2026-06-05 21:58:35,853 [INFO] 💼 SELL @ $4375.00 | Current=$4370.3 | Est.PnL=$4.70 | SL=$4385.00 TP=$4355.00
2026-06-05 21:58:39,494 [INFO] 💼 SELL @ $4375.00 | Current=$4370.3 | Est.PnL=$4.70 | SL=$4385.00 TP=$4355.00
2026-06-05 21:58:43,118 [INFO] 💼 SELL @ $4375.00 | Current=$4370.3 | Est.PnL=$4.70 | SL=$4385.00 TP=$4355.00
2026-06-05 21:58:46,745 [INFO] 💼 SELL @ $4375.00 | Current=$4370.3 | Est.PnL=$4.70 | SL=$4385.00 TP=$4355.00
2026-06-05 21:58:50,362 [INFO] 💼 SELL @ $4375.00 | Current=$4370.3 | Est.PnL=$4.70 | SL=$4385.00 TP=$4355.00
2026-06-05 21:58:53,977 [INFO] 💼 SELL @ $4375.00 | Current=$4370.3 | Est.PnL=$4.70 | SL=$4385.00 TP=$4355.00
2026-06-05 21:58:57,607 [INFO] 💼 SELL @ $4375.00 | Current=$4370.3 | Est.PnL=$4.70 | SL=$4385.00 TP=$4355.00
2026-06-05 21:59:01,245 [INFO] 💼 SELL @ $4375.00 | Current=$4370.3 | Est.PnL=$4.70 | SL=$4385.00 TP=$4355.00
2026-06-05 21:59:04,865 [INFO] 💼 SELL @ $4375.00 | Current=$4370.3 | Est.PnL=$4.70 | SL=$4385.00 TP=$4355.00
2026-06-05 21:59:08,473 [INFO] 💼 SELL @ $4375.00 | Current=$4370.3 | Est.PnL=$4.70 | SL=$4385.00 TP=$4355.00
2026-06-05 21:59:12,289 [INFO] 💼 SELL @ $4375.00 | Current=$4370.3 | Est.PnL=$4.70 | SL=$4385.00 TP=$4355.00
2026-06-05 21:59:15,915 [INFO] 💼 SELL @ $4375.00 | Current=$4370.3 | Est.PnL=$4.70 | SL=$4385.00 TP=$4355.00
2026-06-05 21:59:19,517 [INFO] 💼 SELL @ $4375.00 | Current=$4370.3 | Est.PnL=$4.70 | SL=$4385.00 TP=$4355.00
2026-06-05 21:59:23,144 [INFO] 💼 SELL @ $4375.00 | Current=$4370.3 | Est.PnL=$4.70 | SL=$4385.00 TP=$4355.00
2026-06-05 21:59:26,772 [INFO] 💼 SELL @ $4375.00 | Current=$4368.7 | Est.PnL=$6.30 | SL=$4385.00 TP=$4355.00
2026-06-05 21:59:30,406 [INFO] 💼 SELL @ $4375.00 | Current=$4368.7 | Est.PnL=$6.30 | SL=$4385.00 TP=$4355.00
2026-06-05 21:59:34,018 [INFO] 💼 SELL @ $4375.00 | Current=$4368.7 | Est.PnL=$6.30 | SL=$4385.00 TP=$4355.00
2026-06-05 21:59:37,647 [INFO] 💼 SELL @ $4375.00 | Current=$4368.7 | Est.PnL=$6.30 | SL=$4385.00 TP=$4355.00
2026-06-05 21:59:41,433 [INFO] 💼 SELL @ $4375.00 | Current=$4368.7 | Est.PnL=$6.30 | SL=$4385.00 TP=$4355.00
2026-06-05 21:59:45,049 [INFO] 💼 SELL @ $4375.00 | Current=$4368.7 | Est.PnL=$6.30 | SL=$4385.00 TP=$4355.00
2026-06-05 21:59:48,689 [INFO] 💼 SELL @ $4375.00 | Current=$4368.7 | Est.PnL=$6.30 | SL=$4385.00 TP=$4355.00
2026-06-05 21:59:52,319 [INFO] 💼 SELL @ $4375.00 | Current=$4368.7 | Est.PnL=$6.30 | SL=$4385.00 TP=$4355.00
2026-06-05 21:59:55,949 [INFO] 💼 SELL @ $4375.00 | Current=$4368.7 | Est.PnL=$6.30 | SL=$4385.00 TP=$4355.00
2026-06-05 21:59:59,571 [INFO] 💼 SELL @ $4375.00 | Current=$4368.7 | Est.PnL=$6.30 | SL=$4385.00 TP=$4355.00
2026-06-05 22:00:03,574 [INFO] 💼 SELL @ $4375.00 | Current=$4368.7 | Est.PnL=$6.30 | SL=$4385.00 TP=$4355.00
2026-06-05 22:00:07,236 [INFO] 💼 SELL @ $4375.00 | Current=$4368.7 | Est.PnL=$6.30 | SL=$4385.00 TP=$4355.00
2026-06-05 22:00:10,876 [INFO] 💼 SELL @ $4375.00 | Current=$4368.7 | Est.PnL=$6.30 | SL=$4385.00 TP=$4355.00
2026-06-05 22:00:14,666 [INFO] 💼 SELL @ $4375.00 | Current=$4368.7 | Est.PnL=$6.30 | SL=$4385.00 TP=$4355.00
2026-06-05 22:00:18,307 [INFO] 💼 SELL @ $4375.00 | Current=$4368.7 | Est.PnL=$6.30 | SL=$4385.00 TP=$4355.00
2026-06-05 22:00:21,923 [INFO] 💼 SELL @ $4375.00 | Current=$4368.7 | Est.PnL=$6.30 | SL=$4385.00 TP=$4355.00
2026-06-05 22:00:25,551 [INFO] 💼 SELL @ $4375.00 | Current=$4370.7 | Est.PnL=$4.30 | SL=$4385.00 TP=$4355.00
2026-06-05 22:00:29,719 [INFO] 💼 SELL @ $4375.00 | Current=$4370.7 | Est.PnL=$4.30 | SL=$4385.00 TP=$4355.00
2026-06-05 22:00:33,327 [INFO] 💼 SELL @ $4375.00 | Current=$4370.7 | Est.PnL=$4.30 | SL=$4385.00 TP=$4355.00
2026-06-05 22:00:36,950 [INFO] 💼 SELL @ $4375.00 | Current=$4370.7 | Est.PnL=$4.30 | SL=$4385.00 TP=$4355.00
2026-06-05 22:00:40,589 [INFO] 💼 SELL @ $4375.00 | Current=$4370.7 | Est.PnL=$4.30 | SL=$4385.00 TP=$4355.00
2026-06-05 22:00:44,185 [INFO] 💼 SELL @ $4375.00 | Current=$4370.7 | Est.PnL=$4.30 | SL=$4385.00 TP=$4355.00
2026-06-05 22:00:47,782 [INFO] 💼 SELL @ $4375.00 | Current=$4370.7 | Est.PnL=$4.30 | SL=$4385.00 TP=$4355.00
2026-06-05 22:00:51,392 [INFO] 💼 SELL @ $4375.00 | Current=$4370.7 | Est.PnL=$4.30 | SL=$4385.00 TP=$4355.00
2026-06-05 22:00:55,004 [INFO] 💼 SELL @ $4375.00 | Current=$4370.7 | Est.PnL=$4.30 | SL=$4385.00 TP=$4355.00
2026-06-05 22:00:58,629 [INFO] 💼 SELL @ $4375.00 | Current=$4370.7 | Est.PnL=$4.30 | SL=$4385.00 TP=$4355.00
2026-06-05 22:01:02,263 [INFO] 💼 SELL @ $4375.00 | Current=$4370.7 | Est.PnL=$4.30 | SL=$4385.00 TP=$4355.00
2026-06-05 22:01:05,877 [INFO] 💼 SELL @ $4375.00 | Current=$4370.7 | Est.PnL=$4.30 | SL=$4385.00 TP=$4355.00
2026-06-05 22:01:09,488 [INFO] 💼 SELL @ $4375.00 | Current=$4370.7 | Est.PnL=$4.30 | SL=$4385.00 TP=$4355.00
2026-06-05 22:01:13,115 [INFO] 💼 SELL @ $4375.00 | Current=$4370.7 | Est.PnL=$4.30 | SL=$4385.00 TP=$4355.00
2026-06-05 22:01:16,720 [INFO] 💼 SELL @ $4375.00 | Current=$4370.7 | Est.PnL=$4.30 | SL=$4385.00 TP=$4355.00
2026-06-05 22:01:20,346 [INFO] 💼 SELL @ $4375.00 | Current=$4370.7 | Est.PnL=$4.30 | SL=$4385.00 TP=$4355.00
2026-06-05 22:01:23,953 [INFO] 💼 SELL @ $4375.00 | Current=$4371.8 | Est.PnL=$3.20 | SL=$4385.00 TP=$4355.00
2026-06-05 22:01:27,621 [INFO] 💼 SELL @ $4375.00 | Current=$4371.8 | Est.PnL=$3.20 | SL=$4385.00 TP=$4355.00
2026-06-05 22:01:31,258 [INFO] 💼 SELL @ $4375.00 | Current=$4371.8 | Est.PnL=$3.20 | SL=$4385.00 TP=$4355.00
2026-06-05 22:01:34,887 [INFO] 💼 SELL @ $4375.00 | Current=$4371.8 | Est.PnL=$3.20 | SL=$4385.00 TP=$4355.00
2026-06-05 22:01:38,500 [INFO] 💼 SELL @ $4375.00 | Current=$4371.8 | Est.PnL=$3.20 | SL=$4385.00 TP=$4355.00
2026-06-05 22:01:42,118 [INFO] 💼 SELL @ $4375.00 | Current=$4371.8 | Est.PnL=$3.20 | SL=$4385.00 TP=$4355.00
2026-06-05 22:01:45,719 [INFO] 💼 SELL @ $4375.00 | Current=$4371.8 | Est.PnL=$3.20 | SL=$4385.00 TP=$4355.00
2026-06-05 22:01:49,341 [INFO] 💼 SELL @ $4375.00 | Current=$4371.8 | Est.PnL=$3.20 | SL=$4385.00 TP=$4355.00
2026-06-05 22:01:52,968 [INFO] 💼 SELL @ $4375.00 | Current=$4371.8 | Est.PnL=$3.20 | SL=$4385.00 TP=$4355.00
2026-06-05 22:01:56,596 [INFO] 💼 SELL @ $4375.00 | Current=$4371.8 | Est.PnL=$3.20 | SL=$4385.00 TP=$4355.00
2026-06-05 22:02:00,214 [INFO] 💼 SELL @ $4375.00 | Current=$4371.8 | Est.PnL=$3.20 | SL=$4385.00 TP=$4355.00
2026-06-05 22:02:03,833 [INFO] 💼 SELL @ $4375.00 | Current=$4371.8 | Est.PnL=$3.20 | SL=$4385.00 TP=$4355.00
2026-06-05 22:02:07,443 [INFO] 💼 SELL @ $4375.00 | Current=$4371.8 | Est.PnL=$3.20 | SL=$4385.00 TP=$4355.00
2026-06-05 22:02:11,070 [INFO] 💼 SELL @ $4375.00 | Current=$4371.8 | Est.PnL=$3.20 | SL=$4385.00 TP=$4355.00
2026-06-05 22:02:14,690 [INFO] 💼 SELL @ $4375.00 | Current=$4371.8 | Est.PnL=$3.20 | SL=$4385.00 TP=$4355.00
2026-06-05 22:02:18,473 [INFO] 💼 SELL @ $4375.00 | Current=$4371.8 | Est.PnL=$3.20 | SL=$4385.00 TP=$4355.00
2026-06-05 22:02:22,078 [INFO] 💼 SELL @ $4375.00 | Current=$4371.8 | Est.PnL=$3.20 | SL=$4385.00 TP=$4355.00
2026-06-05 22:02:25,685 [INFO] 💼 SELL @ $4375.00 | Current=$4368.8 | Est.PnL=$6.20 | SL=$4385.00 TP=$4355.00
2026-06-05 22:02:29,335 [INFO] 💼 SELL @ $4375.00 | Current=$4368.8 | Est.PnL=$6.20 | SL=$4385.00 TP=$4355.00
2026-06-05 22:02:32,964 [INFO] 💼 SELL @ $4375.00 | Current=$4368.8 | Est.PnL=$6.20 | SL=$4385.00 TP=$4355.00
2026-06-05 22:02:36,582 [INFO] 💼 SELL @ $4375.00 | Current=$4368.8 | Est.PnL=$6.20 | SL=$4385.00 TP=$4355.00
2026-06-05 22:02:40,199 [INFO] 💼 SELL @ $4375.00 | Current=$4368.8 | Est.PnL=$6.20 | SL=$4385.00 TP=$4355.00
2026-06-05 22:02:43,800 [INFO] 💼 SELL @ $4375.00 | Current=$4368.8 | Est.PnL=$6.20 | SL=$4385.00 TP=$4355.00
2026-06-05 22:02:47,403 [INFO] 💼 SELL @ $4375.00 | Current=$4368.8 | Est.PnL=$6.20 | SL=$4385.00 TP=$4355.00
2026-06-05 22:02:51,046 [INFO] 💼 SELL @ $4375.00 | Current=$4368.8 | Est.PnL=$6.20 | SL=$4385.00 TP=$4355.00
2026-06-05 22:02:54,652 [INFO] 💼 SELL @ $4375.00 | Current=$4368.8 | Est.PnL=$6.20 | SL=$4385.00 TP=$4355.00
2026-06-05 22:02:58,275 [INFO] 💼 SELL @ $4375.00 | Current=$4368.8 | Est.PnL=$6.20 | SL=$4385.00 TP=$4355.00
2026-06-05 22:03:01,876 [INFO] 💼 SELL @ $4375.00 | Current=$4368.8 | Est.PnL=$6.20 | SL=$4385.00 TP=$4355.00
2026-06-05 22:03:05,470 [INFO] 💼 SELL @ $4375.00 | Current=$4368.8 | Est.PnL=$6.20 | SL=$4385.00 TP=$4355.00
2026-06-05 22:03:09,244 [INFO] 💼 SELL @ $4375.00 | Current=$4368.8 | Est.PnL=$6.20 | SL=$4385.00 TP=$4355.00
2026-06-05 22:03:12,888 [INFO] 💼 SELL @ $4375.00 | Current=$4368.8 | Est.PnL=$6.20 | SL=$4385.00 TP=$4355.00
2026-06-05 22:03:16,493 [INFO] 💼 SELL @ $4375.00 | Current=$4368.8 | Est.PnL=$6.20 | SL=$4385.00 TP=$4355.00
2026-06-05 22:03:20,105 [INFO] 💼 SELL @ $4375.00 | Current=$4368.8 | Est.PnL=$6.20 | SL=$4385.00 TP=$4355.00
2026-06-05 22:03:23,715 [INFO] 💼 SELL @ $4375.00 | Current=$4367.8 | Est.PnL=$7.20 | SL=$4385.00 TP=$4355.00
2026-06-05 22:03:27,327 [INFO] 💼 SELL @ $4375.00 | Current=$4367.8 | Est.PnL=$7.20 | SL=$4385.00 TP=$4355.00
2026-06-05 22:03:30,952 [INFO] 💼 SELL @ $4375.00 | Current=$4367.8 | Est.PnL=$7.20 | SL=$4385.00 TP=$4355.00
2026-06-05 22:03:34,581 [INFO] 💼 SELL @ $4375.00 | Current=$4367.8 | Est.PnL=$7.20 | SL=$4385.00 TP=$4355.00
2026-06-05 22:03:38,177 [INFO] 💼 SELL @ $4375.00 | Current=$4367.8 | Est.PnL=$7.20 | SL=$4385.00 TP=$4355.00
2026-06-05 22:03:41,817 [INFO] 💼 SELL @ $4375.00 | Current=$4367.8 | Est.PnL=$7.20 | SL=$4385.00 TP=$4355.00
2026-06-05 22:03:45,430 [INFO] 💼 SELL @ $4375.00 | Current=$4367.8 | Est.PnL=$7.20 | SL=$4385.00 TP=$4355.00
2026-06-05 22:03:49,230 [INFO] 💼 SELL @ $4375.00 | Current=$4367.8 | Est.PnL=$7.20 | SL=$4385.00 TP=$4355.00
2026-06-05 22:03:52,849 [INFO] 💼 SELL @ $4375.00 | Current=$4367.8 | Est.PnL=$7.20 | SL=$4385.00 TP=$4355.00
2026-06-05 22:03:56,480 [INFO] 💼 SELL @ $4375.00 | Current=$4367.8 | Est.PnL=$7.20 | SL=$4385.00 TP=$4355.00
2026-06-05 22:04:00,136 [INFO] 💼 SELL @ $4375.00 | Current=$4367.8 | Est.PnL=$7.20 | SL=$4385.00 TP=$4355.00
2026-06-05 22:04:03,749 [INFO] 💼 SELL @ $4375.00 | Current=$4367.8 | Est.PnL=$7.20 | SL=$4385.00 TP=$4355.00
2026-06-05 22:04:07,373 [INFO] 💼 SELL @ $4375.00 | Current=$4367.8 | Est.PnL=$7.20 | SL=$4385.00 TP=$4355.00
2026-06-05 22:04:10,976 [INFO] 💼 SELL @ $4375.00 | Current=$4367.8 | Est.PnL=$7.20 | SL=$4385.00 TP=$4355.00
2026-06-05 22:04:14,591 [INFO] 💼 SELL @ $4375.00 | Current=$4367.8 | Est.PnL=$7.20 | SL=$4385.00 TP=$4355.00
2026-06-05 22:04:18,202 [INFO] 💼 SELL @ $4375.00 | Current=$4367.8 | Est.PnL=$7.20 | SL=$4385.00 TP=$4355.00
2026-06-05 22:04:21,828 [INFO] 💼 SELL @ $4375.00 | Current=$4367.8 | Est.PnL=$7.20 | SL=$4385.00 TP=$4355.00
2026-06-05 22:04:25,483 [INFO] 💼 SELL @ $4375.00 | Current=$4367.4 | Est.PnL=$7.60 | SL=$4385.00 TP=$4355.00
2026-06-05 22:04:29,096 [INFO] 💼 SELL @ $4375.00 | Current=$4367.4 | Est.PnL=$7.60 | SL=$4385.00 TP=$4355.00
2026-06-05 22:04:32,732 [INFO] 💼 SELL @ $4375.00 | Current=$4367.4 | Est.PnL=$7.60 | SL=$4385.00 TP=$4355.00
2026-06-05 22:04:36,352 [INFO] 💼 SELL @ $4375.00 | Current=$4367.4 | Est.PnL=$7.60 | SL=$4385.00 TP=$4355.00
2026-06-05 22:04:39,987 [INFO] 💼 SELL @ $4375.00 | Current=$4367.4 | Est.PnL=$7.60 | SL=$4385.00 TP=$4355.00
2026-06-05 22:04:43,623 [INFO] 💼 SELL @ $4375.00 | Current=$4367.4 | Est.PnL=$7.60 | SL=$4385.00 TP=$4355.00
2026-06-05 22:04:47,237 [INFO] 💼 SELL @ $4375.00 | Current=$4367.4 | Est.PnL=$7.60 | SL=$4385.00 TP=$4355.00
2026-06-05 22:04:51,017 [INFO] 💼 SELL @ $4375.00 | Current=$4367.4 | Est.PnL=$7.60 | SL=$4385.00 TP=$4355.00
2026-06-05 22:04:54,629 [INFO] 💼 SELL @ $4375.00 | Current=$4367.4 | Est.PnL=$7.60 | SL=$4385.00 TP=$4355.00
2026-06-05 22:04:58,271 [INFO] 💼 SELL @ $4375.00 | Current=$4367.4 | Est.PnL=$7.60 | SL=$4385.00 TP=$4355.00
2026-06-05 22:05:01,898 [INFO] 💼 SELL @ $4375.00 | Current=$4367.4 | Est.PnL=$7.60 | SL=$4385.00 TP=$4355.00
2026-06-05 22:05:05,544 [INFO] 💼 SELL @ $4375.00 | Current=$4367.4 | Est.PnL=$7.60 | SL=$4385.00 TP=$4355.00
2026-06-05 22:05:09,139 [INFO] 💼 SELL @ $4375.00 | Current=$4367.4 | Est.PnL=$7.60 | SL=$4385.00 TP=$4355.00
2026-06-05 22:05:12,764 [INFO] 💼 SELL @ $4375.00 | Current=$4367.4 | Est.PnL=$7.60 | SL=$4385.00 TP=$4355.00
2026-06-05 22:05:16,406 [INFO] 💼 SELL @ $4375.00 | Current=$4367.4 | Est.PnL=$7.60 | SL=$4385.00 TP=$4355.00
2026-06-05 22:05:20,017 [INFO] 💼 SELL @ $4375.00 | Current=$4367.4 | Est.PnL=$7.60 | SL=$4385.00 TP=$4355.00
2026-06-05 22:05:23,632 [INFO] 💼 SELL @ $4375.00 | Current=$4369.5 | Est.PnL=$5.50 | SL=$4385.00 TP=$4355.00
2026-06-05 22:05:27,263 [INFO] 💼 SELL @ $4375.00 | Current=$4369.5 | Est.PnL=$5.50 | SL=$4385.00 TP=$4355.00
2026-06-05 22:05:30,902 [INFO] 💼 SELL @ $4375.00 | Current=$4369.5 | Est.PnL=$5.50 | SL=$4385.00 TP=$4355.00
2026-06-05 22:05:34,519 [INFO] 💼 SELL @ $4375.00 | Current=$4369.5 | Est.PnL=$5.50 | SL=$4385.00 TP=$4355.00
2026-06-05 22:05:38,163 [INFO] 💼 SELL @ $4375.00 | Current=$4369.5 | Est.PnL=$5.50 | SL=$4385.00 TP=$4355.00
2026-06-05 22:05:41,778 [INFO] 💼 SELL @ $4375.00 | Current=$4369.5 | Est.PnL=$5.50 | SL=$4385.00 TP=$4355.00
2026-06-05 22:05:45,606 [INFO] 💼 SELL @ $4375.00 | Current=$4369.5 | Est.PnL=$5.50 | SL=$4385.00 TP=$4355.00
2026-06-05 22:05:49,250 [INFO] 💼 SELL @ $4375.00 | Current=$4369.5 | Est.PnL=$5.50 | SL=$4385.00 TP=$4355.00
2026-06-05 22:05:52,864 [INFO] 💼 SELL @ $4375.00 | Current=$4369.5 | Est.PnL=$5.50 | SL=$4385.00 TP=$4355.00
2026-06-05 22:05:56,470 [INFO] 💼 SELL @ $4375.00 | Current=$4369.5 | Est.PnL=$5.50 | SL=$4385.00 TP=$4355.00
2026-06-05 22:06:00,081 [INFO] 💼 SELL @ $4375.00 | Current=$4369.5 | Est.PnL=$5.50 | SL=$4385.00 TP=$4355.00
2026-06-05 22:06:03,692 [INFO] 💼 SELL @ $4375.00 | Current=$4369.5 | Est.PnL=$5.50 | SL=$4385.00 TP=$4355.00
2026-06-05 22:06:07,321 [INFO] 💼 SELL @ $4375.00 | Current=$4369.5 | Est.PnL=$5.50 | SL=$4385.00 TP=$4355.00
2026-06-05 22:06:10,947 [INFO] 💼 SELL @ $4375.00 | Current=$4369.5 | Est.PnL=$5.50 | SL=$4385.00 TP=$4355.00
2026-06-05 22:06:14,569 [INFO] 💼 SELL @ $4375.00 | Current=$4369.5 | Est.PnL=$5.50 | SL=$4385.00 TP=$4355.00
2026-06-05 22:06:18,221 [INFO] 💼 SELL @ $4375.00 | Current=$4369.5 | Est.PnL=$5.50 | SL=$4385.00 TP=$4355.00
2026-06-05 22:06:21,846 [INFO] 💼 SELL @ $4375.00 | Current=$4369.5 | Est.PnL=$5.50 | SL=$4385.00 TP=$4355.00
2026-06-05 22:06:25,469 [INFO] 💼 SELL @ $4375.00 | Current=$4368.5 | Est.PnL=$6.50 | SL=$4385.00 TP=$4355.00
2026-06-05 22:06:29,090 [INFO] 💼 SELL @ $4375.00 | Current=$4368.5 | Est.PnL=$6.50 | SL=$4385.00 TP=$4355.00
2026-06-05 22:06:32,727 [INFO] 💼 SELL @ $4375.00 | Current=$4368.5 | Est.PnL=$6.50 | SL=$4385.00 TP=$4355.00
2026-06-05 22:06:36,350 [INFO] 💼 SELL @ $4375.00 | Current=$4368.5 | Est.PnL=$6.50 | SL=$4385.00 TP=$4355.00
2026-06-05 22:06:39,993 [INFO] 💼 SELL @ $4375.00 | Current=$4368.5 | Est.PnL=$6.50 | SL=$4385.00 TP=$4355.00
2026-06-05 22:06:43,618 [INFO] 💼 SELL @ $4375.00 | Current=$4368.5 | Est.PnL=$6.50 | SL=$4385.00 TP=$4355.00
2026-06-05 22:06:47,401 [INFO] 💼 SELL @ $4375.00 | Current=$4368.5 | Est.PnL=$6.50 | SL=$4385.00 TP=$4355.00
2026-06-05 22:06:51,031 [INFO] 💼 SELL @ $4375.00 | Current=$4368.5 | Est.PnL=$6.50 | SL=$4385.00 TP=$4355.00
2026-06-05 22:06:54,649 [INFO] 💼 SELL @ $4375.00 | Current=$4368.5 | Est.PnL=$6.50 | SL=$4385.00 TP=$4355.00
2026-06-05 22:06:58,264 [INFO] 💼 SELL @ $4375.00 | Current=$4368.5 | Est.PnL=$6.50 | SL=$4385.00 TP=$4355.00
2026-06-05 22:07:01,880 [INFO] 💼 SELL @ $4375.00 | Current=$4368.5 | Est.PnL=$6.50 | SL=$4385.00 TP=$4355.00
2026-06-05 22:07:05,508 [INFO] 💼 SELL @ $4375.00 | Current=$4368.5 | Est.PnL=$6.50 | SL=$4385.00 TP=$4355.00
2026-06-05 22:07:09,115 [INFO] 💼 SELL @ $4375.00 | Current=$4368.5 | Est.PnL=$6.50 | SL=$4385.00 TP=$4355.00
2026-06-05 22:07:12,733 [INFO] 💼 SELL @ $4375.00 | Current=$4368.5 | Est.PnL=$6.50 | SL=$4385.00 TP=$4355.00
2026-06-05 22:07:16,331 [INFO] 💼 SELL @ $4375.00 | Current=$4368.5 | Est.PnL=$6.50 | SL=$4385.00 TP=$4355.00
2026-06-05 22:07:19,938 [INFO] 💼 SELL @ $4375.00 | Current=$4368.5 | Est.PnL=$6.50 | SL=$4385.00 TP=$4355.00
2026-06-05 22:07:23,579 [INFO] 💼 SELL @ $4375.00 | Current=$4367.5 | Est.PnL=$7.50 | SL=$4385.00 TP=$4355.00
2026-06-05 22:07:27,238 [INFO] 💼 SELL @ $4375.00 | Current=$4367.5 | Est.PnL=$7.50 | SL=$4385.00 TP=$4355.00
2026-06-05 22:07:30,868 [INFO] 💼 SELL @ $4375.00 | Current=$4367.5 | Est.PnL=$7.50 | SL=$4385.00 TP=$4355.00
2026-06-05 22:07:34,492 [INFO] 💼 SELL @ $4375.00 | Current=$4367.5 | Est.PnL=$7.50 | SL=$4385.00 TP=$4355.00
2026-06-05 22:07:38,101 [INFO] 💼 SELL @ $4375.00 | Current=$4367.5 | Est.PnL=$7.50 | SL=$4385.00 TP=$4355.00
2026-06-05 22:07:41,705 [INFO] 💼 SELL @ $4375.00 | Current=$4367.5 | Est.PnL=$7.50 | SL=$4385.00 TP=$4355.00
2026-06-05 22:07:46,170 [INFO] 💼 SELL @ $4375.00 | Current=$4367.5 | Est.PnL=$7.50 | SL=$4385.00 TP=$4355.00
2026-06-05 22:07:49,969 [INFO] 💼 SELL @ $4375.00 | Current=$4367.5 | Est.PnL=$7.50 | SL=$4385.00 TP=$4355.00
2026-06-05 22:07:53,576 [INFO] 💼 SELL @ $4375.00 | Current=$4367.5 | Est.PnL=$7.50 | SL=$4385.00 TP=$4355.00
2026-06-05 22:07:57,203 [INFO] 💼 SELL @ $4375.00 | Current=$4367.5 | Est.PnL=$7.50 | SL=$4385.00 TP=$4355.00
2026-06-05 22:08:00,821 [INFO] 💼 SELL @ $4375.00 | Current=$4367.5 | Est.PnL=$7.50 | SL=$4385.00 TP=$4355.00
2026-06-05 22:08:04,471 [INFO] 💼 SELL @ $4375.00 | Current=$4367.5 | Est.PnL=$7.50 | SL=$4385.00 TP=$4355.00
2026-06-05 22:08:08,053 [INFO] 💼 SELL @ $4375.00 | Current=$4367.5 | Est.PnL=$7.50 | SL=$4385.00 TP=$4355.00
2026-06-05 22:08:11,651 [INFO] 💼 SELL @ $4375.00 | Current=$4367.5 | Est.PnL=$7.50 | SL=$4385.00 TP=$4355.00
2026-06-05 22:08:15,265 [INFO] 💼 SELL @ $4375.00 | Current=$4367.5 | Est.PnL=$7.50 | SL=$4385.00 TP=$4355.00
2026-06-05 22:08:18,908 [INFO] 💼 SELL @ $4375.00 | Current=$4367.5 | Est.PnL=$7.50 | SL=$4385.00 TP=$4355.00
2026-06-05 22:08:22,543 [INFO] 💼 SELL @ $4375.00 | Current=$4367.5 | Est.PnL=$7.50 | SL=$4385.00 TP=$4355.00
2026-06-05 22:08:26,195 [INFO] 💼 SELL @ $4375.00 | Current=$4366.5 | Est.PnL=$8.50 | SL=$4385.00 TP=$4355.00
2026-06-05 22:08:29,823 [INFO] 💼 SELL @ $4375.00 | Current=$4366.5 | Est.PnL=$8.50 | SL=$4385.00 TP=$4355.00
2026-06-05 22:08:33,424 [INFO] 💼 SELL @ $4375.00 | Current=$4366.5 | Est.PnL=$8.50 | SL=$4385.00 TP=$4355.00
2026-06-05 22:08:37,035 [INFO] 💼 SELL @ $4375.00 | Current=$4366.5 | Est.PnL=$8.50 | SL=$4385.00 TP=$4355.00
2026-06-05 22:08:40,635 [INFO] 💼 SELL @ $4375.00 | Current=$4366.5 | Est.PnL=$8.50 | SL=$4385.00 TP=$4355.00
2026-06-05 22:08:44,244 [INFO] 💼 SELL @ $4375.00 | Current=$4366.5 | Est.PnL=$8.50 | SL=$4385.00 TP=$4355.00
2026-06-05 22:08:47,854 [INFO] 💼 SELL @ $4375.00 | Current=$4366.5 | Est.PnL=$8.50 | SL=$4385.00 TP=$4355.00
2026-06-05 22:08:51,665 [INFO] 💼 SELL @ $4375.00 | Current=$4366.5 | Est.PnL=$8.50 | SL=$4385.00 TP=$4355.00
2026-06-05 22:08:55,274 [INFO] 💼 SELL @ $4375.00 | Current=$4366.5 | Est.PnL=$8.50 | SL=$4385.00 TP=$4355.00
2026-06-05 22:08:58,872 [INFO] 💼 SELL @ $4375.00 | Current=$4366.5 | Est.PnL=$8.50 | SL=$4385.00 TP=$4355.00
2026-06-05 22:09:02,487 [INFO] 💼 SELL @ $4375.00 | Current=$4366.5 | Est.PnL=$8.50 | SL=$4385.00 TP=$4355.00
2026-06-05 22:09:06,099 [INFO] 💼 SELL @ $4375.00 | Current=$4366.5 | Est.PnL=$8.50 | SL=$4385.00 TP=$4355.00
2026-06-05 22:09:09,716 [INFO] 💼 SELL @ $4375.00 | Current=$4366.5 | Est.PnL=$8.50 | SL=$4385.00 TP=$4355.00
2026-06-05 22:09:13,354 [INFO] 💼 SELL @ $4375.00 | Current=$4366.5 | Est.PnL=$8.50 | SL=$4385.00 TP=$4355.00
2026-06-05 22:09:16,980 [INFO] 💼 SELL @ $4375.00 | Current=$4366.5 | Est.PnL=$8.50 | SL=$4385.00 TP=$4355.00
2026-06-05 22:09:20,596 [INFO] 💼 SELL @ $4375.00 | Current=$4366.5 | Est.PnL=$8.50 | SL=$4385.00 TP=$4355.00
2026-06-05 22:09:24,206 [INFO] 💼 SELL @ $4375.00 | Current=$4364.9 | Est.PnL=$10.10 | SL=$4385.00 TP=$4355.00
2026-06-05 22:09:27,832 [INFO] 💼 SELL @ $4375.00 | Current=$4364.9 | Est.PnL=$10.10 | SL=$4385.00 TP=$4355.00
2026-06-05 22:09:31,458 [INFO] 💼 SELL @ $4375.00 | Current=$4364.9 | Est.PnL=$10.10 | SL=$4385.00 TP=$4355.00
2026-06-05 22:09:35,074 [INFO] 💼 SELL @ $4375.00 | Current=$4364.9 | Est.PnL=$10.10 | SL=$4385.00 TP=$4355.00
2026-06-05 22:09:38,667 [INFO] 💼 SELL @ $4375.00 | Current=$4364.9 | Est.PnL=$10.10 | SL=$4385.00 TP=$4355.00
2026-06-05 22:09:42,282 [INFO] 💼 SELL @ $4375.00 | Current=$4364.9 | Est.PnL=$10.10 | SL=$4385.00 TP=$4355.00
2026-06-05 22:09:45,905 [INFO] 💼 SELL @ $4375.00 | Current=$4364.9 | Est.PnL=$10.10 | SL=$4385.00 TP=$4355.00
2026-06-05 22:09:49,505 [INFO] 💼 SELL @ $4375.00 | Current=$4364.9 | Est.PnL=$10.10 | SL=$4385.00 TP=$4355.00
2026-06-05 22:09:53,317 [INFO] 💼 SELL @ $4375.00 | Current=$4364.9 | Est.PnL=$10.10 | SL=$4385.00 TP=$4355.00
2026-06-05 22:09:56,944 [INFO] 💼 SELL @ $4375.00 | Current=$4364.9 | Est.PnL=$10.10 | SL=$4385.00 TP=$4355.00
2026-06-05 22:10:00,576 [INFO] 💼 SELL @ $4375.00 | Current=$4364.9 | Est.PnL=$10.10 | SL=$4385.00 TP=$4355.00
2026-06-05 22:10:04,207 [INFO] 💼 SELL @ $4375.00 | Current=$4364.9 | Est.PnL=$10.10 | SL=$4385.00 TP=$4355.00
2026-06-05 22:10:07,851 [INFO] 💼 SELL @ $4375.00 | Current=$4364.9 | Est.PnL=$10.10 | SL=$4385.00 TP=$4355.00
2026-06-05 22:10:11,504 [INFO] 💼 SELL @ $4375.00 | Current=$4364.9 | Est.PnL=$10.10 | SL=$4385.00 TP=$4355.00
2026-06-05 22:10:15,117 [INFO] 💼 SELL @ $4375.00 | Current=$4364.9 | Est.PnL=$10.10 | SL=$4385.00 TP=$4355.00
2026-06-05 22:10:18,745 [INFO] 💼 SELL @ $4375.00 | Current=$4364.9 | Est.PnL=$10.10 | SL=$4385.00 TP=$4355.00
2026-06-05 22:10:22,400 [INFO] 💼 SELL @ $4375.00 | Current=$4364.9 | Est.PnL=$10.10 | SL=$4385.00 TP=$4355.00
2026-06-05 22:10:26,028 [INFO] 💼 SELL @ $4375.00 | Current=$4363.6 | Est.PnL=$11.40 | SL=$4385.00 TP=$4355.00
2026-06-05 22:10:29,661 [INFO] 💼 SELL @ $4375.00 | Current=$4363.6 | Est.PnL=$11.40 | SL=$4385.00 TP=$4355.00
2026-06-05 22:10:33,300 [INFO] 💼 SELL @ $4375.00 | Current=$4363.6 | Est.PnL=$11.40 | SL=$4385.00 TP=$4355.00
2026-06-05 22:10:36,916 [INFO] 💼 SELL @ $4375.00 | Current=$4363.6 | Est.PnL=$11.40 | SL=$4385.00 TP=$4355.00
2026-06-05 22:10:40,558 [INFO] 💼 SELL @ $4375.00 | Current=$4363.6 | Est.PnL=$11.40 | SL=$4385.00 TP=$4355.00
2026-06-05 22:10:44,185 [INFO] 💼 SELL @ $4375.00 | Current=$4363.6 | Est.PnL=$11.40 | SL=$4385.00 TP=$4355.00
2026-06-05 22:10:47,795 [INFO] 💼 SELL @ $4375.00 | Current=$4363.6 | Est.PnL=$11.40 | SL=$4385.00 TP=$4355.00
2026-06-05 22:10:51,421 [INFO] 💼 SELL @ $4375.00 | Current=$4363.6 | Est.PnL=$11.40 | SL=$4385.00 TP=$4355.00
2026-06-05 22:10:55,221 [INFO] 💼 SELL @ $4375.00 | Current=$4363.6 | Est.PnL=$11.40 | SL=$4385.00 TP=$4355.00
2026-06-05 22:10:58,870 [INFO] 💼 SELL @ $4375.00 | Current=$4363.6 | Est.PnL=$11.40 | SL=$4385.00 TP=$4355.00
2026-06-05 22:11:02,514 [INFO] 💼 SELL @ $4375.00 | Current=$4363.6 | Est.PnL=$11.40 | SL=$4385.00 TP=$4355.00
2026-06-05 22:11:06,143 [INFO] 💼 SELL @ $4375.00 | Current=$4363.6 | Est.PnL=$11.40 | SL=$4385.00 TP=$4355.00
2026-06-05 22:11:09,809 [INFO] 💼 SELL @ $4375.00 | Current=$4363.6 | Est.PnL=$11.40 | SL=$4385.00 TP=$4355.00
2026-06-05 22:11:13,424 [INFO] 💼 SELL @ $4375.00 | Current=$4363.6 | Est.PnL=$11.40 | SL=$4385.00 TP=$4355.00
2026-06-05 22:11:17,060 [INFO] 💼 SELL @ $4375.00 | Current=$4363.6 | Est.PnL=$11.40 | SL=$4385.00 TP=$4355.00
2026-06-05 22:11:20,676 [INFO] 💼 SELL @ $4375.00 | Current=$4363.6 | Est.PnL=$11.40 | SL=$4385.00 TP=$4355.00
2026-06-05 22:11:24,307 [INFO] 💼 SELL @ $4375.00 | Current=$4361.3 | Est.PnL=$13.70 | SL=$4385.00 TP=$4355.00
2026-06-05 22:11:27,946 [INFO] 💼 SELL @ $4375.00 | Current=$4361.3 | Est.PnL=$13.70 | SL=$4385.00 TP=$4355.00
2026-06-05 22:11:31,547 [INFO] 💼 SELL @ $4375.00 | Current=$4361.3 | Est.PnL=$13.70 | SL=$4385.00 TP=$4355.00
2026-06-05 22:11:35,192 [INFO] 💼 SELL @ $4375.00 | Current=$4361.3 | Est.PnL=$13.70 | SL=$4385.00 TP=$4355.00
2026-06-05 22:11:38,849 [INFO] 💼 SELL @ $4375.00 | Current=$4361.3 | Est.PnL=$13.70 | SL=$4385.00 TP=$4355.00
2026-06-05 22:11:42,445 [INFO] 💼 SELL @ $4375.00 | Current=$4361.3 | Est.PnL=$13.70 | SL=$4385.00 TP=$4355.00
2026-06-05 22:11:46,057 [INFO] 💼 SELL @ $4375.00 | Current=$4361.3 | Est.PnL=$13.70 | SL=$4385.00 TP=$4355.00
2026-06-05 22:11:49,664 [INFO] 💼 SELL @ $4375.00 | Current=$4361.3 | Est.PnL=$13.70 | SL=$4385.00 TP=$4355.00
2026-06-05 22:11:53,278 [INFO] 💼 SELL @ $4375.00 | Current=$4361.3 | Est.PnL=$13.70 | SL=$4385.00 TP=$4355.00
2026-06-05 22:11:57,049 [INFO] 💼 SELL @ $4375.00 | Current=$4361.3 | Est.PnL=$13.70 | SL=$4385.00 TP=$4355.00
2026-06-05 22:12:00,663 [INFO] 💼 SELL @ $4375.00 | Current=$4361.3 | Est.PnL=$13.70 | SL=$4385.00 TP=$4355.00
2026-06-05 22:12:04,304 [INFO] 💼 SELL @ $4375.00 | Current=$4361.3 | Est.PnL=$13.70 | SL=$4385.00 TP=$4355.00
2026-06-05 22:12:07,924 [INFO] 💼 SELL @ $4375.00 | Current=$4361.3 | Est.PnL=$13.70 | SL=$4385.00 TP=$4355.00
2026-06-05 22:12:11,524 [INFO] 💼 SELL @ $4375.00 | Current=$4361.3 | Est.PnL=$13.70 | SL=$4385.00 TP=$4355.00
2026-06-05 22:12:15,167 [INFO] 💼 SELL @ $4375.00 | Current=$4361.3 | Est.PnL=$13.70 | SL=$4385.00 TP=$4355.00
2026-06-05 22:12:18,780 [INFO] 💼 SELL @ $4375.00 | Current=$4361.3 | Est.PnL=$13.70 | SL=$4385.00 TP=$4355.00
2026-06-05 22:12:22,385 [INFO] 💼 SELL @ $4375.00 | Current=$4361.3 | Est.PnL=$13.70 | SL=$4385.00 TP=$4355.00
2026-06-05 22:12:25,981 [INFO] 💼 SELL @ $4375.00 | Current=$4359.6 | Est.PnL=$15.40 | SL=$4385.00 TP=$4355.00
2026-06-05 22:12:29,601 [INFO] 💼 SELL @ $4375.00 | Current=$4359.6 | Est.PnL=$15.40 | SL=$4385.00 TP=$4355.00
2026-06-05 22:12:33,242 [INFO] 💼 SELL @ $4375.00 | Current=$4359.6 | Est.PnL=$15.40 | SL=$4385.00 TP=$4355.00
2026-06-05 22:12:36,851 [INFO] 💼 SELL @ $4375.00 | Current=$4359.6 | Est.PnL=$15.40 | SL=$4385.00 TP=$4355.00
2026-06-05 22:12:40,464 [INFO] 💼 SELL @ $4375.00 | Current=$4359.6 | Est.PnL=$15.40 | SL=$4385.00 TP=$4355.00
2026-06-05 22:12:44,079 [INFO] 💼 SELL @ $4375.00 | Current=$4359.6 | Est.PnL=$15.40 | SL=$4385.00 TP=$4355.00
2026-06-05 22:12:47,736 [INFO] 💼 SELL @ $4375.00 | Current=$4359.6 | Est.PnL=$15.40 | SL=$4385.00 TP=$4355.00
2026-06-05 22:12:51,350 [INFO] 💼 SELL @ $4375.00 | Current=$4359.6 | Est.PnL=$15.40 | SL=$4385.00 TP=$4355.00
2026-06-05 22:12:54,959 [INFO] 💼 SELL @ $4375.00 | Current=$4359.6 | Est.PnL=$15.40 | SL=$4385.00 TP=$4355.00
2026-06-05 22:12:58,753 [INFO] 💼 SELL @ $4375.00 | Current=$4359.6 | Est.PnL=$15.40 | SL=$4385.00 TP=$4355.00
2026-06-05 22:13:02,368 [INFO] 💼 SELL @ $4375.00 | Current=$4359.6 | Est.PnL=$15.40 | SL=$4385.00 TP=$4355.00
2026-06-05 22:13:05,980 [INFO] 💼 SELL @ $4375.00 | Current=$4359.6 | Est.PnL=$15.40 | SL=$4385.00 TP=$4355.00
2026-06-05 22:13:09,587 [INFO] 💼 SELL @ $4375.00 | Current=$4359.6 | Est.PnL=$15.40 | SL=$4385.00 TP=$4355.00
2026-06-05 22:13:13,186 [INFO] 💼 SELL @ $4375.00 | Current=$4359.6 | Est.PnL=$15.40 | SL=$4385.00 TP=$4355.00
2026-06-05 22:13:16,811 [INFO] 💼 SELL @ $4375.00 | Current=$4359.6 | Est.PnL=$15.40 | SL=$4385.00 TP=$4355.00
2026-06-05 22:13:20,414 [INFO] 💼 SELL @ $4375.00 | Current=$4359.6 | Est.PnL=$15.40 | SL=$4385.00 TP=$4355.00
2026-06-05 22:13:24,052 [INFO] 💼 SELL @ $4375.00 | Current=$4361.0 | Est.PnL=$14.00 | SL=$4385.00 TP=$4355.00
2026-06-05 22:13:27,653 [INFO] 💼 SELL @ $4375.00 | Current=$4361.0 | Est.PnL=$14.00 | SL=$4385.00 TP=$4355.00
2026-06-05 22:13:31,275 [INFO] 💼 SELL @ $4375.00 | Current=$4361.0 | Est.PnL=$14.00 | SL=$4385.00 TP=$4355.00
2026-06-05 22:13:34,894 [INFO] 💼 SELL @ $4375.00 | Current=$4361.0 | Est.PnL=$14.00 | SL=$4385.00 TP=$4355.00
2026-06-05 22:13:38,497 [INFO] 💼 SELL @ $4375.00 | Current=$4361.0 | Est.PnL=$14.00 | SL=$4385.00 TP=$4355.00
2026-06-05 22:13:42,126 [INFO] 💼 SELL @ $4375.00 | Current=$4361.0 | Est.PnL=$14.00 | SL=$4385.00 TP=$4355.00
2026-06-05 22:13:45,763 [INFO] 💼 SELL @ $4375.00 | Current=$4361.0 | Est.PnL=$14.00 | SL=$4385.00 TP=$4355.00
2026-06-05 22:13:49,386 [INFO] 💼 SELL @ $4375.00 | Current=$4361.0 | Est.PnL=$14.00 | SL=$4385.00 TP=$4355.00
2026-06-05 22:13:53,001 [INFO] 💼 SELL @ $4375.00 | Current=$4361.0 | Est.PnL=$14.00 | SL=$4385.00 TP=$4355.00
2026-06-05 22:13:56,602 [INFO] 💼 SELL @ $4375.00 | Current=$4361.0 | Est.PnL=$14.00 | SL=$4385.00 TP=$4355.00
2026-06-05 22:14:00,399 [INFO] 💼 SELL @ $4375.00 | Current=$4361.0 | Est.PnL=$14.00 | SL=$4385.00 TP=$4355.00
2026-06-05 22:14:04,051 [INFO] 💼 SELL @ $4375.00 | Current=$4361.0 | Est.PnL=$14.00 | SL=$4385.00 TP=$4355.00
2026-06-05 22:14:07,691 [INFO] 💼 SELL @ $4375.00 | Current=$4361.0 | Est.PnL=$14.00 | SL=$4385.00 TP=$4355.00
2026-06-05 22:14:11,305 [INFO] 💼 SELL @ $4375.00 | Current=$4361.0 | Est.PnL=$14.00 | SL=$4385.00 TP=$4355.00
2026-06-05 22:14:14,915 [INFO] 💼 SELL @ $4375.00 | Current=$4361.0 | Est.PnL=$14.00 | SL=$4385.00 TP=$4355.00
2026-06-05 22:14:18,539 [INFO] 💼 SELL @ $4375.00 | Current=$4361.0 | Est.PnL=$14.00 | SL=$4385.00 TP=$4355.00
2026-06-05 22:14:22,152 [INFO] 💼 SELL @ $4375.00 | Current=$4361.0 | Est.PnL=$14.00 | SL=$4385.00 TP=$4355.00
2026-06-05 22:14:25,775 [INFO] 💼 SELL @ $4375.00 | Current=$4361.0 | Est.PnL=$14.00 | SL=$4385.00 TP=$4355.00
2026-06-05 22:14:29,396 [INFO] 💼 SELL @ $4375.00 | Current=$4361.0 | Est.PnL=$14.00 | SL=$4385.00 TP=$4355.00
2026-06-05 22:14:32,997 [INFO] 💼 SELL @ $4375.00 | Current=$4361.0 | Est.PnL=$14.00 | SL=$4385.00 TP=$4355.00
2026-06-05 22:14:36,637 [INFO] 💼 SELL @ $4375.00 | Current=$4361.0 | Est.PnL=$14.00 | SL=$4385.00 TP=$4355.00
2026-06-05 22:14:40,238 [INFO] 💼 SELL @ $4375.00 | Current=$4361.0 | Est.PnL=$14.00 | SL=$4385.00 TP=$4355.00
2026-06-05 22:14:43,845 [INFO] 💼 SELL @ $4375.00 | Current=$4361.0 | Est.PnL=$14.00 | SL=$4385.00 TP=$4355.00
2026-06-05 22:14:47,455 [INFO] 💼 SELL @ $4375.00 | Current=$4361.0 | Est.PnL=$14.00 | SL=$4385.00 TP=$4355.00
2026-06-05 22:14:51,084 [INFO] 💼 SELL @ $4375.00 | Current=$4361.0 | Est.PnL=$14.00 | SL=$4385.00 TP=$4355.00
2026-06-05 22:14:54,705 [INFO] 💼 SELL @ $4375.00 | Current=$4361.0 | Est.PnL=$14.00 | SL=$4385.00 TP=$4355.00
2026-06-05 22:14:58,551 [INFO] 💼 SELL @ $4375.00 | Current=$4361.0 | Est.PnL=$14.00 | SL=$4385.00 TP=$4355.00
2026-06-05 22:15:02,348 [INFO] 💼 SELL @ $4375.00 | Current=$4361.0 | Est.PnL=$14.00 | SL=$4385.00 TP=$4355.00
2026-06-05 22:15:06,010 [INFO] 💼 SELL @ $4375.00 | Current=$4361.0 | Est.PnL=$14.00 | SL=$4385.00 TP=$4355.00
2026-06-05 22:15:09,667 [INFO] 💼 SELL @ $4375.00 | Current=$4361.0 | Est.PnL=$14.00 | SL=$4385.00 TP=$4355.00
2026-06-05 22:15:13,310 [INFO] 💼 SELL @ $4375.00 | Current=$4361.0 | Est.PnL=$14.00 | SL=$4385.00 TP=$4355.00
2026-06-05 22:15:16,923 [INFO] 💼 SELL @ $4375.00 | Current=$4361.0 | Est.PnL=$14.00 | SL=$4385.00 TP=$4355.00
2026-06-05 22:15:20,560 [INFO] 💼 SELL @ $4375.00 | Current=$4361.0 | Est.PnL=$14.00 | SL=$4385.00 TP=$4355.00
2026-06-05 22:15:24,180 [INFO] 🟢 CLOSED: SELL | TP | PnL=$20.60 | Entry=$4375.00 → Close=$4354.40
