2026-06-01 09:33:03,213 [actuary] INFO: 🧠 Cognitive DB ready: /home/openclaw/.openclaw/workspace/logs/deriv_actuary/cognitive_memory.db
Traceback (most recent call last):
  File "/home/openclaw/projects/1ai-trade-bot/engines/deriv/tick_streamer.py", line 95, in <module>
    .read_text()
     ~~~~~~~~~^^
  File "/usr/lib/python3.13/pathlib/_local.py", line 548, in read_text
    return PathBase.read_text(self, encoding, errors, newline)
           ~~~~~~~~~~~~~~~~~~^^^^^^^^^^^^^^^^^^^^^^^^^^^^^^^^^
  File "/usr/lib/python3.13/pathlib/_abc.py", line 632, in read_text
    with self.open(mode='r', encoding=encoding, errors=errors, newline=newline) as f:
         ~~~~~~~~~^^^^^^^^^^^^^^^^^^^^^^^^^^^^^^^^^^^^^^^^^^^^^^^^^^^^^^^^^^^^^
  File "/usr/lib/python3.13/pathlib/_local.py", line 539, in open
    return io.open(self, mode, buffering, encoding, errors, newline)
           ~~~~~~~^^^^^^^^^^^^^^^^^^^^^^^^^^^^^^^^^^^^^^^^^^^^^^^^^^
FileNotFoundError: [Errno 2] No such file or directory: '/home/openclaw/.openclaw/workspace/projects/deriv-actuary/secrets/token.txt'
2026-06-02 16:22:11,248 [actuary] INFO: 🧠 Cognitive DB ready: /home/openclaw/.openclaw/workspace/logs/deriv_actuary/cognitive_memory.db
Traceback (most recent call last):
  File "/home/openclaw/projects/1ai-trade-bot/engines/deriv/tick_streamer.py", line 95, in <module>
    .read_text()
     ~~~~~~~~~^^
  File "/usr/lib/python3.13/pathlib/_local.py", line 548, in read_text
    return PathBase.read_text(self, encoding, errors, newline)
           ~~~~~~~~~~~~~~~~~~^^^^^^^^^^^^^^^^^^^^^^^^^^^^^^^^^
  File "/usr/lib/python3.13/pathlib/_abc.py", line 632, in read_text
    with self.open(mode='r', encoding=encoding, errors=errors, newline=newline) as f:
         ~~~~~~~~~^^^^^^^^^^^^^^^^^^^^^^^^^^^^^^^^^^^^^^^^^^^^^^^^^^^^^^^^^^^^^
  File "/usr/lib/python3.13/pathlib/_local.py", line 539, in open
    return io.open(self, mode, buffering, encoding, errors, newline)
           ~~~~~~~^^^^^^^^^^^^^^^^^^^^^^^^^^^^^^^^^^^^^^^^^^^^^^^^^^
FileNotFoundError: [Errno 2] No such file or directory: '/home/openclaw/.openclaw/workspace/projects/deriv-actuary/secrets/token.txt'
